// Jest Snapshot v1, https://goo.gl/fbAQLP

exports[`App renders build information correctly when loaded 1`] = `
<div
  class="root"
  data-testid="build-info"
>
  Build Number:
  100
  <br />
  Build Date:
  2021-08-09
  <br />
  Build Apt Repo:
  experimental-pkgcld
  <br />
</div>
`;
