// Jest Snapshot v1, https://goo.gl/fbAQLP

exports[`BuildInformation when build info exists renders correctly 1`] = `
<div>
  <div
    class="root"
    data-testid="build-info"
  >
    Build Number:
    100
    <br />
    Build Date:
    2021-08-09
    <br />
    Build Apt Repo:
    experimental-pkgcld
    <br />
  </div>
</div>
`;
