// Jest Snapshot v1, https://goo.gl/fbAQLP

exports[`FinalOnboardingPageContainer renders prompt correctly 1`] = `
<h1
  class="prompt"
>
  Great, you're all set! 
  <span
    class="green"
  >
    Enjoy
  </span>
  !
</h1>
`;
