// Jest Snapshot v1, https://goo.gl/fbAQLP

exports[`BuildInformation when build info exists renders correctly 1`] = `
<div>
  <div
    class="root"
    data-testid="build-info"
  >
    pi-topOS Build Number : 
    100
    <br />
    Repository ID: 
    experimental-pkgcld
    <br />
    Build Date: 
    2021-08-09
    <br />
  </div>
</div>
`;
