// Jest Snapshot v1, https://goo.gl/fbAQLP

exports[`AdvancedConfigDialog when an URL is received iframe opens the provided url 1`] = `
<iframe
  class="frame"
  data-testid="advanced-config-dialog-frame"
  src="http://pi-top.com"
  title="Advanced Wifi Configuration"
/>
`;
