// Jest Snapshot v1, https://goo.gl/fbAQLP

exports[`SplashPage renders correct image 1`] = `
<img
  alt="intro-screen"
  class="image"
  draggable="false"
  src="intro-screen.png"
  style="max-height: 100%; max-width: 100%;"
/>
`;

exports[`SplashPage renders prompt correctly 1`] = `
<h1
  class="prompt"
>
  Are you ready to be a 
  <span
    class="green"
  >
    maker
  </span>
  ?
</h1>
`;
