// Jest Snapshot v1, https://goo.gl/fbAQLP

exports[`<Button /> renders correctly 1`] = `
<button
  className="styled"
  disabled={false}
  onClick={[MockFunction]}
  type="button"
>
  Hello
</button>
`;
