// Jest Snapshot v1, https://goo.gl/fbAQLP

exports[`MoveAwayFromApDialog renders the correct content 1`] = `
<React.Fragment>
  Your pi-top is not connected to the same network as your device.
  <br />
  <br />
  This probably means that your computer is connected to the 'pi-top' network and your pi-top was configured to connect to your Wi-Fi network in one of the previous steps.
  <br />
  <br />
  Please, make sure you connect your computer to your Wi-Fi network and refresh this page.
</React.Fragment>
`;

exports[`MoveAwayFromApDialog renders the correct message 1`] = `
<React.Fragment>
  <span
    className="dialogTitle"
  >
    Reconnect to your Wi-Fi
  </span>
</React.Fragment>
`;
