// Jest Snapshot v1, https://goo.gl/fbAQLP

exports[`RestartPage renders correct image 1`] = `
<img
  alt="reboot-screen"
  class="image"
  draggable="false"
  src="reboot-screen.png"
  style="max-height: 100%; max-width: 100%;"
/>
`;

exports[`RestartPage renders prompt correctly 1`] = `
<h1
  class="prompt"
>
  Right, I need a quick 
  <span
    class="green"
  >
    nap
  </span>
</h1>
`;

exports[`RestartPage when checkingOnSameNetwork is true renders prompt correctly 1`] = `
<h1
  class="prompt"
>
  Right, I need a quick 
  <span
    class="green"
  >
    nap
  </span>
</h1>
`;

exports[`RestartPage when isSettingUpDevice is true and progress info is passed renders progress bar correctly 1`] = `
<div
  class="progress"
>
  <svg
    class="rc-progress-line "
    preserveAspectRatio="none"
    viewBox="0 0 100 2"
  >
    <path
      class="rc-progress-line-trail"
      d="M 1,1
           L 99,1"
      fill-opacity="0"
      stroke="#D9D9D9"
      stroke-linecap="round"
      stroke-width="1"
    />
    <path
      class="rc-progress-line-path"
      d="M 1,1
           L 99,1"
      fill-opacity="0"
      stroke="#71c0b4"
      stroke-linecap="round"
      stroke-width="2"
      style="stroke-dasharray: 0.5px, 100px; stroke-dashoffset: -0px; transition: stroke-dashoffset 0.3s ease 0s, stroke-dasharray .3s ease 0s, stroke 0.3s linear;"
    />
  </svg>
  <span
    class="message"
  >
    I am setting up
  </span>
</div>
`;
