// Jest Snapshot v1, https://goo.gl/fbAQLP

exports[`RestartPageContainer renders prompt correctly 1`] = `
<h1
  class="prompt"
>
  Right, I need a quick 
  <span
    class="green"
  >
    nap
  </span>
</h1>
`;
